src/components/common/ThemeTogglerTwo.tsx(7,7): error TS2322: Type '(mode?: "dark" | "light" | "system") => void' is not assignable to type 'MouseEventHandler<HTMLButtonElement>'.
  Types of parameters 'mode' and 'event' are incompatible.
    Type 'MouseEvent<HTMLButtonElement, MouseEvent>' is not assignable to type '"dark" | "light" | "system"'.
src/components/Loader/loader.tsx(67,13): error TS2353: Object literal may only specify known properties, and '"@keyframes spin"' does not exist in type 'Properties<string | number, string & {}>'.
